2026-03-20 14:01:17 - app.utils - ERROR - Error fetching top products: type object 'Product' has no attribute 'accessories'
2026-03-20 14:10:57 - app.utils - ERROR - Error fetching top products: product_id
2026-03-20 14:12:40 - app.utils - ERROR - Error fetching top products: product_id
2026-03-20 14:14:06 - app.utils - INFO - Retrieved top 30 products.
2026-03-20 14:14:06 - app.utils - INFO - Retrieved top 30 products.
2026-03-20 17:23:39 - app.utils - WARNING - Brand 'No' has been deleted.
2026-03-20 17:23:39 - app.utils - INFO - Retrieved top 30 products.
2026-03-20 17:23:39 - app.utils - INFO - Retrieved top 30 products.
2026-03-20 22:42:31 - app.services.product - INFO - Retrieved top 30 products.
2026-03-21 07:47:42 - app.services.product - INFO - Retrieved top 30 products.
2026-03-21 08:03:05 - app.services.product - INFO - Retrieved top 10 products.
2026-03-21 08:04:05 - app.services.product - INFO - Retrieved top 10 products.
2026-03-21 08:04:21 - app.services.product - INFO - Retrieved top 1 products.
2026-03-21 08:04:55 - app.services.product - INFO - Retrieved top 1 products.
2026-03-21 08:05:50 - app.services.product - INFO - Retrieved top 1 products.
2026-03-21 08:05:50 - app.services.product - INFO - First product: (39, 'Apple iPhone 16 Pro 128 ГБ (nano-SIM + nano-SIM)', 60)
2026-03-21 08:09:18 - app.services.product - INFO - Retrieved top 1 products.
2026-03-21 08:14:40 - app.services.product - INFO - Retrieved top 1 products.
2026-03-21 08:14:55 - app.services.product - INFO - Retrieved top 100 products.
2026-03-21 08:15:08 - app.services.product - INFO - Retrieved top 10 products.
2026-03-21 08:16:36 - app.services.product - INFO - Retrieved top 50 products.
2026-03-21 08:18:19 - app.services.product - INFO - Retrieved top 50 products.
2026-03-21 09:00:47 - app.services.product - INFO - Retrieved top 5 products.
2026-03-21 09:01:26 - app.services.product - INFO - Retrieved top 30 products.
2026-03-21 10:04:40 - app.services.product - INFO - Retrieved top 30 products.
2026-03-21 10:04:55 - app.services.product - INFO - Retrieved top 30 products.
2026-03-21 10:04:56 - app.services.product - INFO - Retrieved top 30 products.
2026-03-21 10:04:57 - app.services.product - INFO - Retrieved top 30 products.
2026-03-21 10:05:04 - app.services.product - INFO - Retrieved top 30 products.
2026-03-21 10:06:00 - app.services.product - INFO - Retrieved top 30 products.
2026-03-21 11:11:16 - app.services.product - INFO - Retrieved top 30 products.
2026-03-21 11:11:16 - app.services.product - INFO - Retrieved top 30 products.
2026-03-21 11:11:16 - app.services.product - INFO - Retrieved top 30 products.
2026-03-21 11:11:16 - app.services.product - INFO - Retrieved top 30 products.
2026-03-21 11:11:38 - app.services.product - INFO - Retrieved top 30 products.
2026-03-21 11:11:41 - app.services.product - INFO - Retrieved top 30 products.
2026-03-21 11:11:47 - app.services.product - INFO - Retrieved top 30 products.
2026-03-21 11:12:25 - app.services.product - INFO - Retrieved top 30 products.
2026-03-21 11:12:28 - app.services.product - INFO - Retrieved top 30 products.
2026-03-21 11:12:58 - app.services.product - INFO - Retrieved top 30 products.
2026-03-21 11:13:00 - app.services.product - INFO - Retrieved top 30 products.
2026-03-21 11:13:04 - app.services.product - INFO - Retrieved top 30 products.
2026-03-21 11:14:56 - app.services.product - INFO - Retrieved top 30 products.
2026-03-21 11:15:25 - app.services.product - INFO - Retrieved top 30 products.
